AUTOTEST enabled houses=5 checks=corpus,lot,motive,mood,load,ucasflow
06:53:13.903 autotest: AUTOTEST START houses=[5] checks=[corpus,lot,motive,mood,load,ucasflow] timeout=1800000ms
06:53:13.903 autotest: AUTOTEST hook-registered
2026-09-08 06:53:14.196 TheSims[50640:41636655] ApplePersistenceIgnoreState: Existing state will not be touched. New state will be written to /var/folders/sg/3fjlktk972j1zkbssc8dfcrw0000gn/T/com.thesims.macos.savedState
06:53:14.236 exit-probe: before Run
06:53:14.236 exit-probe: Game.Run(Sync) enter
06:53:14.556 exit-probe: Initialize enter
06:53:14.776 exit-probe: Initialize exit
06:53:14.777 screen: EnterLoading
06:53:14.843 loadscreen: DIRECT FAR mount original kSimsLogo boot screen 800x600 len=1440056 sha=8ecf9500 (from frame one; Simitone loader chrome deleted R118)
06:53:14.843 content-init: begin
06:53:14.978 loadscreen: IFF-mount original splashprogress strings (17) in variablesans_10 over the boot screen
06:53:16.760 loading-screen: update frame=120 complete=False progress=InitObjects
Unexpected TrailingZero: 617176985
Unexpected TrailingZero: -666831736
Unexpected TrailingZero: 1995593413
06:53:18.060 content-init: done
06:53:18.072 cursor-init: IFF resolve liveperson.cur -> Shared\cursors\LivePerson.cur 326 bytes
06:53:18.073 cursor-init: IFF-first original cursors mounted livePersonLen=326
06:53:18.077 loadscreen: IFF-mount original Community\Bus_loadscreen_1024x768.bmp
06:53:18.080 loadscreen: IFF-mount texture 1024x768
06:53:18.080 EnterGameMode lot= external=False
06:53:18.096 uioriginal: IFF-mount original Downtown\LargeBack.bmp
06:53:18.098 uinav: IFF-mount neighborhood surround 1024x768
06:53:18.556 uioriginal: IFF-mount original Nbhd\HotspotPopupTiler.TGA
06:53:18.563 uioriginal: IFF-mount original NghUI\banner_neighborhood.bmp
06:53:18.564 uioriginal: IFF-mount original NghUI\Current.bmp
06:53:18.564 uioriginal: IFF-mount original NghUI\MoveIn.bmp
06:53:18.564 uioriginal: IFF-mount original NghUI\Bulldoze.bmp
06:53:18.565 uioriginal: IFF-mount original NghUI\Exit.bmp
06:53:18.565 uioriginal: IFF-mount original NghUI\InetBtn.bmp
06:53:18.566 uioriginal: IFF-mount original Nbhd\CreditBtnEn.bmp
06:53:18.566 uioriginal: IFF-mount original NghUI\Previous.bmp
06:53:18.566 uioriginal: IFF-mount original NghUI\Next.bmp
06:53:18.566 uioriginal: IFF-mount original NghUI\Import.bmp
06:53:18.568 uioriginal: IFF-mount original NghUI\Downtown.bmp
06:53:18.568 uioriginal: IFF-mount original NghUI\TheSimsLogo.bmp
06:53:18.568 uioriginal: IFF-mount original NghUI\Vacation.bmp
06:53:18.568 uioriginal: IFF-mount original NghUI\Rezone.bmp
06:53:18.568 uioriginal: IFF-mount original NghUI\Studiotown.bmp
06:53:18.569 uioriginal: IFF-mount original NghUI\MagicLand.bmp
06:53:18.570 global-context: global.iff BHAVs=251
06:53:18.570 module: PersonGlobals BHAVs=473
06:53:18.571 module: SocialGlobals BHAVs=101
06:53:18.571 module: CatGlobals BHAVs=179
06:53:18.571 module: DogGlobals BHAVs=177
06:53:18.571 module: PetSitGlobals BHAVs=22
06:53:18.572 module: PhoneGlobals BHAVs=149
06:53:18.572 module: VacationDirectorGlobals BHAVs=85
06:53:19.078 autotest: AUTOTEST uicasflow neighborhood-screen ready; entering CAS flow
06:53:19.093 autotest: AUTOTEST uicasflow neigh-switcher-mount: PASS
06:53:19.096 uioriginal: IFF-mount original nbhd\CreateACharBack.BMP
06:53:19.102 uioriginal: IFF-mount original nbhd\DesignCharAdultBtn.bmp
06:53:19.102 uioriginal: IFF-mount original nbhd\DesignCharChildBtn.bmp
06:53:19.102 uioriginal: IFF-mount original nbhd\DesignCharFemaleBtn.bmp
06:53:19.103 uioriginal: IFF-mount original nbhd\DesignCharMaleBtn.bmp
06:53:19.103 uioriginal: IFF-mount original nbhd\DesignCharDarkBtn.bmp
06:53:19.103 uioriginal: IFF-mount original nbhd\DesignCharMediumBtn.bmp
06:53:19.103 uioriginal: IFF-mount original nbhd\DesignCharLightBtn.bmp
06:53:19.104 uioriginal: IFF-mount original nbhd\DesignCharSkinsLeftBtn.bmp
06:53:19.104 uioriginal: IFF-mount original nbhd\DesignCharSkinsRightBtn.bmp
06:53:19.104 uioriginal: IFF-mount original nbhd\NbhdTileBtn.BMP
06:53:19.106 uioriginal: IFF-mount original nbhd\DesignCharPersLED.bmp
06:53:19.106 uioriginal: IFF-mount original nbhd\CACPointRemainingBars.bmp
06:53:19.107 uioriginal: IFF-mount original nbhd\DsgnFamBkg.bmp
06:53:19.109 uioriginal: IFF-mount original nbhd\AddPersonBtn.bmp
06:53:19.109 uioriginal: IFF-mount original nbhd\DeletePersonBtn.bmp
06:53:19.110 uioriginal: IFF-mount original nbhd\EditPersonBtn.bmp
06:53:19.110 uioriginal: IFF-mount original nbhd\PickBkg.bmp
06:53:19.112 uioriginal: IFF-mount original nbhd\PAFAddFamily.bmp
06:53:19.112 uioriginal: IFF-mount original nbhd\PAFDeleteFamily.bmp
06:53:19.113 uioriginal: IFF-mount original nbhd\PAFMoveIn.bmp
06:53:19.114 autotest: AUTOTEST uicasflow production MoveIn pressed (GameController.EnterCAS)
06:53:19.282 uioriginal: IFF-mount original nbhd\FamilyPickItemBkg.bmp
06:53:19.312 uioriginal: IFF-mount original nbhd\Smiley.bmp
UNSUPPORTED (log once): POSSIBLE ISSUE: unit 0 GLD_TEXTURE_INDEX_2D is unloadable and bound to sampler type (Float) - using zero texture because texture unloadable
06:53:20.328 autotest: AUTOTEST uicasflow cas-desktop-original: PASS
06:53:20.330 autotest: AUTOTEST uicasflow cas-real-vm: PASS
06:53:20.332 autotest: AUTOTEST uicasflow nbrs-writer-residual: Entries=284 NeighbourByID=268 (the delta is malformed pristine-file decodes the existing NBRS writer drops)
06:53:20.333 autotest: AUTOTEST uicasflow baseline: famiIds=[0,1,2,3,4,5] maxFamilyNumber=9 census=3 nbEntries=268 chunks=23 charFiles=20 templateStrSlots=27 userdir=/var/folders/sg/3fjlktk972j1zkbssc8dfcrw0000gn/T/simitone-r246-c606f3f455b84f28b7fef3305b090ef5
06:53:20.481 autotest: AUTOTEST uicasflow capture 01-pickafamily-initial 1024x768 -> /var/folders/sg/3fjlktk972j1zkbssc8dfcrw0000gn/T/simitone-r246-c606f3f455b84f28b7fef3305b090ef5/ui-audit/r246/casflow-01-pickafamily-initial.png
06:53:20.861 autotest: AUTOTEST uicasflow family-name-real-field: PASS
06:53:20.863 autotest: AUTOTEST uicasflow family-name-forbidden-dropped: PASS
06:53:20.863 autotest: AUTOTEST uicasflow family-name-cap24 (len=24): PASS
06:53:20.863 autotest: AUTOTEST uicasflow family-name-exact: PASS
06:53:20.863 autotest: AUTOTEST uicasflow family-name=AuditFam0123456789012345
06:53:21.011 autotest: AUTOTEST uicasflow capture 02-familyedit-typed 1024x768 -> /var/folders/sg/3fjlktk972j1zkbssc8dfcrw0000gn/T/simitone-r246-c606f3f455b84f28b7fef3305b090ef5/ui-audit/r246/casflow-02-familyedit-typed.png
06:53:21.055 autotest: AUTOTEST uicasflow post-addbtn mode=SimEdit casVisible=False famVisible=True interp=-0.34722573
06:53:21.528 autotest: AUTOTEST uicasflow person-name-cap25 (len=25): PASS
06:53:21.530 autotest: AUTOTEST uicasflow bio-typed: PASS
06:53:21.628 autotest: AUTOTEST uicasflow desktop-preview-position-survives-update: PASS
06:53:21.628 autotest: AUTOTEST uicasflow desktop-mobile-carousel-stays-hidden: PASS
06:53:21.805 autotest: AUTOTEST uicasflow capture 03-characteredit-preview 1024x768 -> /var/folders/sg/3fjlktk972j1zkbssc8dfcrw0000gn/T/simitone-r246-c606f3f455b84f28b7fef3305b090ef5/ui-audit/r246/casflow-03-characteredit-preview.png
06:53:21.983 autotest: AUTOTEST uicasflow type-skin-restored: PASS
06:53:21.983 autotest: AUTOTEST uicasflow screen-code-skin-restored: PASS
06:53:22.161 autotest: AUTOTEST uicasflow capture 04-preview-suitmemory 1024x768 -> /var/folders/sg/3fjlktk972j1zkbssc8dfcrw0000gn/T/simitone-r246-c606f3f455b84f28b7fef3305b090ef5/ui-audit/r246/casflow-04-preview-suitmemory.png
06:53:22.163 autotest: AUTOTEST uicasflow vector-sum-24: PASS
06:53:22.163 autotest: AUTOTEST uicasflow pool-one-left (pool=1): PASS
06:53:22.163 autotest: AUTOTEST uicasflow zodiac-nearest-archetype (1 vs 1): PASS
06:53:22.163 autotest: AUTOTEST uicasflow zodiac=Taurus vector=[Neat=8,Outgoing=2,Active=3,Playful=5,Nice=6]
06:53:22.165 uioriginal: IFF-mount original shared\dlg\GenDlg.bmp
06:53:22.165 uioriginal: IFF-mount original shared\sys\WinBtn.bmp
06:53:22.169 autotest: AUTOTEST uicasflow unspent-real-alert-mounts: PASS
06:53:22.169 autotest: AUTOTEST uicasflow unspent-real-alert-title: PASS
06:53:22.344 autotest: AUTOTEST uicasflow capture 05-unspent-alert 1024x768 -> /var/folders/sg/3fjlktk972j1zkbssc8dfcrw0000gn/T/simitone-r246-c606f3f455b84f28b7fef3305b090ef5/ui-audit/r246/casflow-05-unspent-alert.png
RELPROBE mode=0 myNID=24 caller[obj=274,nid=24] targNID=1 stack[obj=1,nid=0,avatar=False] exists=False bucketMismatch=False
RELPROBE mode=0 myNID=24 caller[obj=274,nid=24] targNID=1 stack[obj=1,nid=0,avatar=False] exists=False bucketMismatch=False
RELPROBE mode=0 myNID=24 caller[obj=274,nid=24] targNID=2 stack[obj=2,nid=0,avatar=False] exists=False bucketMismatch=False
RELPROBE mode=0 myNID=24 caller[obj=274,nid=24] targNID=2 stack[obj=2,nid=0,avatar=False] exists=False bucketMismatch=False
RELPROBE mode=0 myNID=24 caller[obj=274,nid=24] targNID=3 stack[obj=3,nid=0,avatar=False] exists=False bucketMismatch=False
RELPROBE mode=0 myNID=24 caller[obj=274,nid=24] targNID=3 stack[obj=3,nid=0,avatar=False] exists=False bucketMismatch=False
RELPROBE mode=0 myNID=24 caller[obj=274,nid=24] targNID=4 stack[obj=4,nid=0,avatar=False] exists=False bucketMismatch=False
RELPROBE mode=0 myNID=24 caller[obj=274,nid=24] targNID=4 stack[obj=4,nid=0,avatar=False] exists=False bucketMismatch=False
RELPROBE mode=0 myNID=24 caller[obj=274,nid=24] targNID=5 stack[obj=5,nid=0,avatar=False] exists=False bucketMismatch=False
RELPROBE mode=0 myNID=24 caller[obj=274,nid=24] targNID=5 stack[obj=5,nid=0,avatar=False] exists=False bucketMismatch=False
RELPROBE mode=0 myNID=24 caller[obj=274,nid=24] targNID=6 stack[obj=6,nid=0,avatar=False] exists=False bucketMismatch=False
RELPROBE mode=0 myNID=24 caller[obj=274,nid=24] targNID=6 stack[obj=6,nid=0,avatar=False] exists=False bucketMismatch=False
RELPROBE mode=0 myNID=24 caller[obj=274,nid=24] targNID=7 stack[obj=7,nid=0,avatar=False] exists=False bucketMismatch=False
RELPROBE mode=0 myNID=24 caller[obj=274,nid=24] targNID=7 stack[obj=7,nid=0,avatar=False] exists=False bucketMismatch=False
RELPROBE mode=0 myNID=24 caller[obj=274,nid=24] targNID=8 stack[obj=8,nid=0,avatar=False] exists=False bucketMismatch=False
RELPROBE mode=0 myNID=24 caller[obj=274,nid=24] targNID=8 stack[obj=8,nid=0,avatar=False] exists=False bucketMismatch=False
RELPROBE mode=0 myNID=24 caller[obj=274,nid=24] targNID=9 stack[obj=9,nid=0,avatar=False] exists=False bucketMismatch=False
RELPROBE mode=0 myNID=24 caller[obj=274,nid=24] targNID=9 stack[obj=9,nid=0,avatar=False] exists=False bucketMismatch=False
RELPROBE mode=0 myNID=24 caller[obj=274,nid=24] targNID=10 stack[obj=10,nid=0,avatar=False] exists=False bucketMismatch=False
RELPROBE mode=0 myNID=24 caller[obj=274,nid=24] targNID=10 stack[obj=10,nid=0,avatar=False] exists=False bucketMismatch=False
RELPROBE mode=0 myNID=24 caller[obj=274,nid=24] targNID=11 stack[obj=11,nid=0,avatar=False] exists=False bucketMismatch=False
RELPROBE mode=0 myNID=24 caller[obj=274,nid=24] targNID=11 stack[obj=11,nid=0,avatar=False] exists=False bucketMismatch=False
RELPROBE mode=0 myNID=24 caller[obj=274,nid=24] targNID=12 stack[obj=12,nid=0,avatar=False] exists=False bucketMismatch=False
RELPROBE mode=0 myNID=24 caller[obj=274,nid=24] targNID=12 stack[obj=12,nid=0,avatar=False] exists=False bucketMismatch=False
06:53:23.045 autotest: AUTOTEST uicasflow wip-one-member-after-accept: PASS
06:53:23.578 autotest: AUTOTEST uicasflow unspent-seam-pending: PASS
06:53:23.578 autotest: AUTOTEST uicasflow unspent-seam-title: PASS
06:53:23.579 autotest: AUTOTEST uicasflow unspent-seam-message: PASS
06:53:24.745 autotest: AUTOTEST uicasflow wip-member-present: PASS
06:53:24.745 autotest: AUTOTEST uicasflow wip-name (len=25): PASS
06:53:24.745 autotest: AUTOTEST uicasflow wip-bio: PASS
06:53:24.745 autotest: AUTOTEST uicasflow wip-gender-adult-male: PASS
06:53:24.746 autotest: AUTOTEST uicasflow wip-skin: PASS
06:53:24.746 autotest: AUTOTEST uicasflow wip-head-body-in-collections: PASS
06:53:24.746 autotest: AUTOTEST uicasflow wip-textures: PASS
06:53:24.747 autotest: AUTOTEST uicasflow wip-personality-ui-order: PASS
06:53:24.747 autotest: AUTOTEST uicasflow buildmember-matches-wip: PASS
06:53:24.761 autotest: AUTOTEST uicasflow save-confirm-title: PASS
06:53:24.761 autotest: AUTOTEST uicasflow save-confirm-message: PASS
06:53:24.762 autotest: AUTOTEST uicasflow invoking real SaveFamily (SimitoneNeighbourGenerator.CreateFamily)
06:53:25.929 autotest: AUTOTEST uicasflow census-plus-one (4 vs 3): PASS
06:53:25.929 autotest: AUTOTEST uicasflow new-family-card-in-census: PASS
06:53:25.929 autotest: AUTOTEST uicasflow new-card-fams-name (AuditFam0123456789012345): PASS
06:53:26.019 autotest: AUTOTEST uicasflow capture 06-pickafamily-newcard 1024x768 -> /var/folders/sg/3fjlktk972j1zkbssc8dfcrw0000gn/T/simitone-r246-c606f3f455b84f28b7fef3305b090ef5/ui-audit/r246/casflow-06-pickafamily-newcard.png
06:53:26.028 autotest: AUTOTEST uicasflow new-card-selected: PASS
06:53:26.028 autotest: AUTOTEST uicasflow movein-seam-chunkid (6): PASS
06:53:26.028 autotest: AUTOTEST uicasflow movein-boundary-no-lot-load: PASS
06:53:26.030 autotest: AUTOTEST uicasflow neighborhood-written: PASS
06:53:26.030 autotest: AUTOTEST uicasflow preexisting-chunks-survive: PASS
06:53:26.030 autotest: AUTOTEST uicasflow rsmp-dropped-by-writer=[rsmp:0] (derived resource map; documented residual, not fixed this round)
06:53:26.031 autotest: AUTOTEST uicasflow ngbh-parses: PASS
06:53:26.031 autotest: AUTOTEST uicasflow tatt-parses: PASS
06:53:26.031 autotest: AUTOTEST uicasflow default-family-survives: PASS
06:53:26.031 autotest: AUTOTEST uicasflow new-chunks=[FAMI:6,FAMs:6] (expect the new FAMI/FAMs pair only)
06:53:26.031 autotest: AUTOTEST uicasflow exactly-one-new-fami: PASS
06:53:26.031 autotest: AUTOTEST uicasflow fami-id-matches-census: PASS
06:53:26.031 autotest: AUTOTEST uicasflow fami-house-zero: PASS
06:53:26.032 autotest: AUTOTEST uicasflow fami-number-max-plus-one (10 vs 9): PASS
06:53:26.032 autotest: AUTOTEST uicasflow fami-budget-20000: PASS
06:53:26.032 autotest: AUTOTEST uicasflow fami-unknown-24 (port-chosen constant, documented): PASS
06:53:26.032 autotest: AUTOTEST uicasflow fami-guid-count-1: PASS
06:53:26.032 autotest: AUTOTEST uicasflow fami-guid-unique: PASS
06:53:26.032 autotest: AUTOTEST uicasflow fams-lang1-name: PASS
06:53:26.032 autotest: AUTOTEST uicasflow nbrs-parses: PASS
06:53:26.033 autotest: AUTOTEST uicasflow nbrs-preexisting-preserved: PASS
06:53:26.033 autotest: AUTOTEST uicasflow nbrs-member-present: PASS
06:53:26.034 autotest: AUTOTEST uicasflow nbrs-lowest-free-id (269): PASS
06:53:26.035 autotest: AUTOTEST uicasflow nbrs-record-version-4 (4): PASS
06:53:26.035 autotest: AUTOTEST uicasflow personmode-5-original (5): PASS
06:53:26.035 autotest: AUTOTEST uicasflow nbrs-name-stem (user00024 vs user00024): PASS
06:53:26.035 autotest: AUTOTEST uicasflow persondata-88 (len=88): PASS
06:53:26.035 autotest: AUTOTEST uicasflow pd2-nice-x100 (600): PASS
06:53:26.035 autotest: AUTOTEST uicasflow pd3-active-x100 (300): PASS
06:53:26.035 autotest: AUTOTEST uicasflow pd4-generous-zero (0): PASS
06:53:26.035 autotest: AUTOTEST uicasflow pd5-playful-x100 (500): PASS
06:53:26.035 autotest: AUTOTEST uicasflow pd6-outgoing-x100 (200): PASS
06:53:26.035 autotest: AUTOTEST uicasflow pd7-neat-x100 (800): PASS
06:53:26.036 autotest: AUTOTEST uicasflow pd58-age-27-adult (27): PASS
06:53:26.036 autotest: AUTOTEST uicasflow pd60-skin-original-encoding (lgt=1; 1): PASS
06:53:26.036 autotest: AUTOTEST uicasflow pd61-family-chunkid (6): PASS
06:53:26.036 autotest: AUTOTEST uicasflow pd65-gender-male (0): PASS
06:53:26.036 autotest: AUTOTEST uicasflow pd56-job-type-minus1: PASS
06:53:26.036 autotest: AUTOTEST uicasflow pd57-job-level-4: PASS
06:53:26.036 autotest: AUTOTEST uicasflow pd36-autonomy-50: PASS
06:53:26.036 autotest: AUTOTEST uicasflow pd33-priority-25: PASS
06:53:26.036 autotest: AUTOTEST uicasflow pd29-cheats-1: PASS
06:53:26.036 autotest: AUTOTEST uicasflow pd32-person-type-2: PASS
06:53:26.037 autotest: AUTOTEST uicasflow pd70-zodiac-absent (canon: never persisted): PASS
06:53:26.037 autotest: AUTOTEST uicasflow skills-random-in-range: PASS
06:53:26.037 autotest: AUTOTEST uicasflow random-presence skills=[4,965,167,10,865,648,322] interests pd13=900 pd14=900 pd16=200 pd20=400 pd26=400 pd46=300 (random by design — presence/range only)
06:53:26.038 autotest: AUTOTEST uicasflow one-new-character-file (1): PASS
06:53:26.038 autotest: AUTOTEST uicasflow char-objd-128: PASS
06:53:26.038 autotest: AUTOTEST uicasflow char-objd-guid-in-family: PASS
06:53:26.038 autotest: AUTOTEST uicasflow char-objd-label (user00024 - AuditSimABCDEFGHIJKLMNOPQ): PASS
06:53:26.038 autotest: AUTOTEST uicasflow char-ctss-name-bio: PASS
06:53:26.038 autotest: AUTOTEST uicasflow char-str200-present: PASS
06:53:26.038 autotest: AUTOTEST uicasflow str0-adult (adult): PASS
06:53:26.038 autotest: AUTOTEST uicasflow str12-male (male): PASS
06:53:26.038 autotest: AUTOTEST uicasflow str13-27 (27): PASS
06:53:26.039 autotest: AUTOTEST uicasflow str14-skin (lgt): PASS
06:53:26.039 autotest: AUTOTEST uicasflow str1-body-pair: PASS
06:53:26.039 autotest: AUTOTEST uicasflow str2-head-pair: PASS
06:53:26.039 autotest: AUTOTEST uicasflow str-diff-body-head-changed: PASS
06:53:26.039 autotest: AUTOTEST uicasflow str200-changed-slots=[1,2,15,16,17,18,19,20,21,22] baselineSlots=27 writtenSlots=27
06:53:26.039 autotest: AUTOTEST uicasflow str-divergent-slot-27 written='<absent>' template='<absent>' (prefix divergence — residual, documented)
06:53:26.039 autotest: AUTOTEST uicasflow str-divergent-slot-28 written='<absent>' template='<absent>' (prefix divergence — residual, documented)
06:53:26.040 autotest: AUTOTEST uicasflow str-divergent-slot-29 written='<absent>' template='<absent>' (prefix divergence — residual, documented)
06:53:26.040 autotest: AUTOTEST uicasflow str-extra-slot-30='<absent>' (generator extra; original base-game TemplatePerson never carries it — residual, documented)
06:53:26.040 autotest: AUTOTEST uicasflow str-extra-slot-31='<absent>' (generator extra; original base-game TemplatePerson never carries it — residual, documented)
06:53:26.040 autotest: AUTOTEST uicasflow str-extra-slot-32='<absent>' (generator extra; original base-game TemplatePerson never carries it — residual, documented)
06:53:26.040 autotest: AUTOTEST uicasflow str-extra-slot-33='<absent>' (generator extra; original base-game TemplatePerson never carries it — residual, documented)
06:53:26.040 autotest: AUTOTEST uicasflow str-extra-slot-34='<absent>' (generator extra; original base-game TemplatePerson never carries it — residual, documented)
06:53:26.040 autotest: AUTOTEST uicasflow isolation userdir=/var/folders/sg/3fjlktk972j1zkbssc8dfcrw0000gn/T/simitone-r246-c606f3f455b84f28b7fef3305b090ef5 (redirect from /Users/nathannoom/Documents/Simitone/)
06:53:26.040 autotest: AUTOTEST uicasflow note: autotest.log writes to <UserDir>/autotest.log (temp redirect) + /tmp/autotest.log; simitone_debug.log writes to the process CWD (bundle; TS1CASScreen.SetFamilies production leftover) — both outside the redirect by design
06:53:26.041 autotest: AUTOTEST uicasflow gamedata-neighborhood-byte-identical: PASS
06:53:26.041 autotest: AUTOTEST uicasflow gamedata-neighborhood-mtime-untouched: PASS
06:53:26.042 autotest: AUTOTEST uicasflow evidence Neighborhood.iff sha256=dbff5948ae37016b8f2d4f8a9df9cf29fa5ae04cd3489a1a7442cc59bdc0c031
06:53:26.043 autotest: AUTOTEST uicasflow evidence User00024.iff sha256=8d1866fc5a2406530a6c7f8cac4fc7932dff7f668391dd0ffe3c0c1e96905bd7
06:53:26.043 autotest: AUTOTEST uicasflow evidence copied to /var/folders/sg/3fjlktk972j1zkbssc8dfcrw0000gn/T/simitone-r246-c606f3f455b84f28b7fef3305b090ef5/ui-audit/r246
06:53:26.043 autotest: AUTOTEST ucasflow: PASS
06:53:26.043 autotest: AUTOTEST ucasflow passed=94 failed=0 phase=15
RELPROBE SUMMARY calls=510 misses=510 objectbucket=0 avatarStack=0
06:53:26.044 autotest: AUTOTEST SUMMARY passed=1 failed=0 skipped=0
06:53:26.044 autotest: AUTOTEST RESULT PASS
AUTOTEST RESULT PASS passed=1 failed=0
06:53:26.044 exit-probe: OnExiting cancel=False screen=TS1CASScreen
06:53:26.045 exit-probe: after Run
06:53:26.096 exit-probe: after Dispose
