AUTOTEST enabled houses=5 checks=ucasflow,recordfmt
10:44:48.500 autotest: AUTOTEST START houses=[5] checks=[ucasflow,recordfmt] timeout=1800000ms
10:44:48.501 autotest: AUTOTEST hook-registered
2026-09-08 10:44:48.972 TheSims[12609:42244223] ApplePersistenceIgnoreState: Existing state will not be touched. New state will be written to /var/folders/sg/3fjlktk972j1zkbssc8dfcrw0000gn/T/com.thesims.macos.savedState
10:44:49.045 exit-probe: before Run
10:44:49.046 exit-probe: Game.Run(Sync) enter
10:44:49.384 exit-probe: Initialize enter
10:44:49.678 exit-probe: Initialize exit
10:44:49.679 screen: EnterLoading
10:44:49.731 loadscreen: DIRECT FAR mount original kSimsLogo boot screen 800x600 len=1440056 sha=8ecf9500 (from frame one; Simitone loader chrome deleted R118)
10:44:49.732 content-init: begin
10:44:49.941 loadscreen: IFF-mount original splashprogress strings (17) in variablesans_10 over the boot screen
10:44:51.662 loading-screen: update frame=120 complete=False progress=InitObjects
Unexpected TrailingZero: 617176985
Unexpected TrailingZero: -666831736
Unexpected TrailingZero: 1995593413
10:44:53.241 content-init: done
10:44:53.257 cursor-init: IFF resolve liveperson.cur -> Shared\cursors\LivePerson.cur 326 bytes
10:44:53.259 cursor-init: IFF-first original cursors mounted livePersonLen=326
10:44:53.262 loadscreen: IFF-mount original Community\Bus_loadscreen_1024x768.bmp
10:44:53.267 loadscreen: IFF-mount texture 1024x768
10:44:53.267 EnterGameMode lot= external=False
10:44:53.283 uioriginal: IFF-mount original Downtown\LargeBack.bmp
10:44:53.285 uinav: IFF-mount neighborhood surround 1024x768
10:44:53.865 uioriginal: IFF-mount original Nbhd\HotspotPopupTiler.TGA
10:44:53.874 uioriginal: IFF-mount original NghUI\banner_neighborhood.bmp
10:44:53.875 uioriginal: IFF-mount original NghUI\Current.bmp
10:44:53.879 uioriginal: IFF-mount original NghUI\MoveIn.bmp
10:44:53.880 uioriginal: IFF-mount original NghUI\Bulldoze.bmp
10:44:53.880 uioriginal: IFF-mount original NghUI\Exit.bmp
10:44:53.880 uioriginal: IFF-mount original NghUI\InetBtn.bmp
10:44:53.880 uioriginal: IFF-mount original Nbhd\CreditBtnEn.bmp
10:44:53.880 uioriginal: IFF-mount original NghUI\Previous.bmp
10:44:53.880 uioriginal: IFF-mount original NghUI\Next.bmp
10:44:53.881 uioriginal: IFF-mount original NghUI\Import.bmp
10:44:53.883 uioriginal: IFF-mount original NghUI\Downtown.bmp
10:44:53.883 uioriginal: IFF-mount original NghUI\TheSimsLogo.bmp
10:44:53.883 uioriginal: IFF-mount original NghUI\Vacation.bmp
10:44:53.883 uioriginal: IFF-mount original NghUI\Rezone.bmp
10:44:53.883 uioriginal: IFF-mount original NghUI\Studiotown.bmp
10:44:53.883 uioriginal: IFF-mount original NghUI\MagicLand.bmp
10:44:53.885 global-context: global.iff BHAVs=251
10:44:53.885 module: PersonGlobals BHAVs=473
10:44:53.886 module: SocialGlobals BHAVs=101
10:44:53.886 module: CatGlobals BHAVs=179
10:44:53.886 module: DogGlobals BHAVs=177
10:44:53.886 module: PetSitGlobals BHAVs=22
10:44:53.887 module: PhoneGlobals BHAVs=149
10:44:53.887 module: VacationDirectorGlobals BHAVs=85
10:44:54.378 autotest: AUTOTEST uicasflow neighborhood-screen ready; entering CAS flow
10:44:54.392 autotest: AUTOTEST uicasflow neigh-switcher-mount: PASS
10:44:54.395 uioriginal: IFF-mount original nbhd\CreateACharBack.BMP
10:44:54.400 uioriginal: IFF-mount original nbhd\DesignCharAdultBtn.bmp
10:44:54.401 uioriginal: IFF-mount original nbhd\DesignCharChildBtn.bmp
10:44:54.401 uioriginal: IFF-mount original nbhd\DesignCharFemaleBtn.bmp
10:44:54.401 uioriginal: IFF-mount original nbhd\DesignCharMaleBtn.bmp
10:44:54.401 uioriginal: IFF-mount original nbhd\DesignCharDarkBtn.bmp
10:44:54.402 uioriginal: IFF-mount original nbhd\DesignCharMediumBtn.bmp
10:44:54.402 uioriginal: IFF-mount original nbhd\DesignCharLightBtn.bmp
10:44:54.402 uioriginal: IFF-mount original nbhd\DesignCharSkinsLeftBtn.bmp
10:44:54.402 uioriginal: IFF-mount original nbhd\DesignCharSkinsRightBtn.bmp
10:44:54.403 uioriginal: IFF-mount original nbhd\NbhdTileBtn.BMP
10:44:54.404 uioriginal: IFF-mount original nbhd\DesignCharPersLED.bmp
10:44:54.405 uioriginal: IFF-mount original nbhd\CACPointRemainingBars.bmp
10:44:54.405 uioriginal: IFF-mount original nbhd\DsgnFamBkg.bmp
10:44:54.407 uioriginal: IFF-mount original nbhd\AddPersonBtn.bmp
10:44:54.407 uioriginal: IFF-mount original nbhd\DeletePersonBtn.bmp
10:44:54.407 uioriginal: IFF-mount original nbhd\EditPersonBtn.bmp
10:44:54.408 uioriginal: IFF-mount original nbhd\PickBkg.bmp
10:44:54.409 uioriginal: IFF-mount original nbhd\PAFAddFamily.bmp
10:44:54.410 uioriginal: IFF-mount original nbhd\PAFDeleteFamily.bmp
10:44:54.410 uioriginal: IFF-mount original nbhd\PAFMoveIn.bmp
10:44:54.411 autotest: AUTOTEST uicasflow production MoveIn pressed (GameController.EnterCAS)
[SetFamilies] Families being added to CAS panel (3 total):
  - ChunkID=4, HouseNumber=0, Unknown=0, Members=4
  - ChunkID=3, HouseNumber=0, Unknown=0, Members=2
  - ChunkID=2, HouseNumber=0, Unknown=0, Members=1
10:44:54.575 uioriginal: IFF-mount original nbhd\FamilyPickItemBkg.bmp
10:44:54.639 uioriginal: IFF-mount original nbhd\Smiley.bmp
UNSUPPORTED (log once): POSSIBLE ISSUE: unit 0 GLD_TEXTURE_INDEX_2D is unloadable and bound to sampler type (Float) - using zero texture because texture unloadable
10:44:55.972 autotest: AUTOTEST uicasflow cas-desktop-original: PASS
10:44:55.972 autotest: AUTOTEST uicasflow cas-real-vm: PASS
10:44:55.975 autotest: AUTOTEST uicasflow nbrs-writer-residual: Entries=284 NeighbourByID=268 (the delta is malformed pristine-file decodes the existing NBRS writer drops)
10:44:55.976 autotest: AUTOTEST uicasflow baseline: famiIds=[0,1,2,3,4,5] maxFamilyNumber=9 census=3 nbEntries=268 chunks=23 charFiles=20 templateStrSlots=27 userdir=/var/folders/sg/3fjlktk972j1zkbssc8dfcrw0000gn/T/simitone-r246-61544428fb824d6b9cd58db6a99f5e0b
10:44:56.166 autotest: AUTOTEST uicasflow capture 01-pickafamily-initial 1024x768 -> /var/folders/sg/3fjlktk972j1zkbssc8dfcrw0000gn/T/simitone-r246-61544428fb824d6b9cd58db6a99f5e0b/ui-audit/r246/casflow-01-pickafamily-initial.png
10:44:56.505 autotest: AUTOTEST uicasflow family-name-real-field: PASS
10:44:56.507 autotest: AUTOTEST uicasflow family-name-forbidden-dropped: PASS
10:44:56.507 autotest: AUTOTEST uicasflow family-name-cap24 (len=24): PASS
10:44:56.507 autotest: AUTOTEST uicasflow family-name-exact: PASS
10:44:56.507 autotest: AUTOTEST uicasflow family-name=AuditFam0123456789012345
10:44:56.679 autotest: AUTOTEST uicasflow capture 02-familyedit-typed 1024x768 -> /var/folders/sg/3fjlktk972j1zkbssc8dfcrw0000gn/T/simitone-r246-61544428fb824d6b9cd58db6a99f5e0b/ui-audit/r246/casflow-02-familyedit-typed.png
10:44:56.732 autotest: AUTOTEST uicasflow post-addbtn mode=SimEdit casVisible=False famVisible=True interp=-0.34722644
10:44:57.172 autotest: AUTOTEST uicasflow person-name-cap25 (len=25): PASS
10:44:57.175 autotest: AUTOTEST uicasflow bio-typed: PASS
10:44:57.272 autotest: AUTOTEST uicasflow desktop-preview-position-survives-update: PASS
10:44:57.273 autotest: AUTOTEST uicasflow desktop-mobile-carousel-stays-hidden: PASS
10:44:57.458 autotest: AUTOTEST uicasflow capture 03-characteredit-preview 1024x768 -> /var/folders/sg/3fjlktk972j1zkbssc8dfcrw0000gn/T/simitone-r246-61544428fb824d6b9cd58db6a99f5e0b/ui-audit/r246/casflow-03-characteredit-preview.png
10:44:57.707 autotest: AUTOTEST uicasflow type-skin-restored: PASS
10:44:57.707 autotest: AUTOTEST uicasflow screen-code-skin-restored: PASS
10:44:57.844 autotest: AUTOTEST uicasflow capture 04-preview-suitmemory 1024x768 -> /var/folders/sg/3fjlktk972j1zkbssc8dfcrw0000gn/T/simitone-r246-61544428fb824d6b9cd58db6a99f5e0b/ui-audit/r246/casflow-04-preview-suitmemory.png
10:44:57.846 autotest: AUTOTEST uicasflow vector-sum-24: PASS
10:44:57.846 autotest: AUTOTEST uicasflow pool-one-left (pool=1): PASS
10:44:57.847 autotest: AUTOTEST uicasflow zodiac-nearest-archetype (1 vs 1): PASS
10:44:57.847 autotest: AUTOTEST uicasflow zodiac=Taurus vector=[Neat=8,Outgoing=2,Active=3,Playful=5,Nice=6]
10:44:57.848 uioriginal: IFF-mount original shared\dlg\GenDlg.bmp
10:44:57.848 uioriginal: IFF-mount original shared\sys\WinBtn.bmp
10:44:57.853 autotest: AUTOTEST uicasflow unspent-real-alert-mounts: PASS
10:44:57.853 autotest: AUTOTEST uicasflow unspent-real-alert-title: PASS
10:44:57.982 autotest: AUTOTEST uicasflow capture 05-unspent-alert 1024x768 -> /var/folders/sg/3fjlktk972j1zkbssc8dfcrw0000gn/T/simitone-r246-61544428fb824d6b9cd58db6a99f5e0b/ui-audit/r246/casflow-05-unspent-alert.png
RELPROBE mode=0 myNID=24 caller[obj=274,nid=24] targNID=1 stack[obj=1,nid=0,avatar=False] exists=False bucketMismatch=False
RELPROBE mode=0 myNID=24 caller[obj=274,nid=24] targNID=1 stack[obj=1,nid=0,avatar=False] exists=False bucketMismatch=False
RELPROBE mode=0 myNID=24 caller[obj=274,nid=24] targNID=2 stack[obj=2,nid=0,avatar=False] exists=False bucketMismatch=False
RELPROBE mode=0 myNID=24 caller[obj=274,nid=24] targNID=2 stack[obj=2,nid=0,avatar=False] exists=False bucketMismatch=False
RELPROBE mode=0 myNID=24 caller[obj=274,nid=24] targNID=3 stack[obj=3,nid=0,avatar=False] exists=False bucketMismatch=False
RELPROBE mode=0 myNID=24 caller[obj=274,nid=24] targNID=3 stack[obj=3,nid=0,avatar=False] exists=False bucketMismatch=False
RELPROBE mode=0 myNID=24 caller[obj=274,nid=24] targNID=4 stack[obj=4,nid=0,avatar=False] exists=False bucketMismatch=False
RELPROBE mode=0 myNID=24 caller[obj=274,nid=24] targNID=4 stack[obj=4,nid=0,avatar=False] exists=False bucketMismatch=False
RELPROBE mode=0 myNID=24 caller[obj=274,nid=24] targNID=5 stack[obj=5,nid=0,avatar=False] exists=False bucketMismatch=False
RELPROBE mode=0 myNID=24 caller[obj=274,nid=24] targNID=5 stack[obj=5,nid=0,avatar=False] exists=False bucketMismatch=False
RELPROBE mode=0 myNID=24 caller[obj=274,nid=24] targNID=6 stack[obj=6,nid=0,avatar=False] exists=False bucketMismatch=False
RELPROBE mode=0 myNID=24 caller[obj=274,nid=24] targNID=6 stack[obj=6,nid=0,avatar=False] exists=False bucketMismatch=False
RELPROBE mode=0 myNID=24 caller[obj=274,nid=24] targNID=7 stack[obj=7,nid=0,avatar=False] exists=False bucketMismatch=False
RELPROBE mode=0 myNID=24 caller[obj=274,nid=24] targNID=7 stack[obj=7,nid=0,avatar=False] exists=False bucketMismatch=False
RELPROBE mode=0 myNID=24 caller[obj=274,nid=24] targNID=8 stack[obj=8,nid=0,avatar=False] exists=False bucketMismatch=False
RELPROBE mode=0 myNID=24 caller[obj=274,nid=24] targNID=8 stack[obj=8,nid=0,avatar=False] exists=False bucketMismatch=False
RELPROBE mode=0 myNID=24 caller[obj=274,nid=24] targNID=9 stack[obj=9,nid=0,avatar=False] exists=False bucketMismatch=False
RELPROBE mode=0 myNID=24 caller[obj=274,nid=24] targNID=9 stack[obj=9,nid=0,avatar=False] exists=False bucketMismatch=False
RELPROBE mode=0 myNID=24 caller[obj=274,nid=24] targNID=10 stack[obj=10,nid=0,avatar=False] exists=False bucketMismatch=False
RELPROBE mode=0 myNID=24 caller[obj=274,nid=24] targNID=10 stack[obj=10,nid=0,avatar=False] exists=False bucketMismatch=False
RELPROBE mode=0 myNID=24 caller[obj=274,nid=24] targNID=11 stack[obj=11,nid=0,avatar=False] exists=False bucketMismatch=False
RELPROBE mode=0 myNID=24 caller[obj=274,nid=24] targNID=11 stack[obj=11,nid=0,avatar=False] exists=False bucketMismatch=False
RELPROBE mode=0 myNID=24 caller[obj=274,nid=24] targNID=12 stack[obj=12,nid=0,avatar=False] exists=False bucketMismatch=False
RELPROBE mode=0 myNID=24 caller[obj=274,nid=24] targNID=12 stack[obj=12,nid=0,avatar=False] exists=False bucketMismatch=False
10:44:58.689 autotest: AUTOTEST uicasflow wip-one-member-after-accept: PASS
10:44:59.225 autotest: AUTOTEST uicasflow unspent-seam-pending: PASS
10:44:59.225 autotest: AUTOTEST uicasflow unspent-seam-title: PASS
10:44:59.225 autotest: AUTOTEST uicasflow unspent-seam-message: PASS
10:45:00.395 autotest: AUTOTEST uicasflow wip-member-present: PASS
10:45:00.396 autotest: AUTOTEST uicasflow wip-name (len=25): PASS
10:45:00.396 autotest: AUTOTEST uicasflow wip-bio: PASS
10:45:00.396 autotest: AUTOTEST uicasflow wip-gender-adult-male: PASS
10:45:00.396 autotest: AUTOTEST uicasflow wip-skin: PASS
10:45:00.396 autotest: AUTOTEST uicasflow wip-head-body-in-collections: PASS
10:45:00.396 autotest: AUTOTEST uicasflow wip-textures: PASS
10:45:00.397 autotest: AUTOTEST uicasflow wip-personality-ui-order: PASS
10:45:00.397 autotest: AUTOTEST uicasflow buildmember-matches-wip: PASS
10:45:00.406 autotest: AUTOTEST uicasflow save-confirm-title: PASS
10:45:00.406 autotest: AUTOTEST uicasflow save-confirm-message: PASS
10:45:00.406 autotest: AUTOTEST uicasflow invoking real SaveFamily (SimitoneNeighbourGenerator.CreateFamily)
[SetFamilies] Families being added to CAS panel (4 total):
  - ChunkID=4, HouseNumber=0, Unknown=0, Members=4
  - ChunkID=3, HouseNumber=0, Unknown=0, Members=2
  - ChunkID=2, HouseNumber=0, Unknown=0, Members=1
  - ChunkID=6, HouseNumber=0, Unknown=24, Members=1
10:45:01.572 autotest: AUTOTEST uicasflow census-plus-one (4 vs 3): PASS
10:45:01.572 autotest: AUTOTEST uicasflow new-family-card-in-census: PASS
10:45:01.573 autotest: AUTOTEST uicasflow new-card-fams-name (AuditFam0123456789012345): PASS
10:45:01.663 autotest: AUTOTEST uicasflow capture 06-pickafamily-newcard 1024x768 -> /var/folders/sg/3fjlktk972j1zkbssc8dfcrw0000gn/T/simitone-r246-61544428fb824d6b9cd58db6a99f5e0b/ui-audit/r246/casflow-06-pickafamily-newcard.png
10:45:01.676 autotest: AUTOTEST uicasflow new-card-selected: PASS
10:45:01.676 autotest: AUTOTEST uicasflow movein-seam-chunkid (6): PASS
10:45:01.676 autotest: AUTOTEST uicasflow movein-boundary-no-lot-load: PASS
10:45:01.678 autotest: AUTOTEST uicasflow neighborhood-written: PASS
10:45:01.679 autotest: AUTOTEST uicasflow preexisting-chunks-survive: PASS
10:45:01.679 autotest: AUTOTEST uicasflow rsmp-dropped-by-writer=[rsmp:0] (derived resource map; documented residual, not fixed this round)
10:45:01.679 autotest: AUTOTEST uicasflow ngbh-parses: PASS
10:45:01.679 autotest: AUTOTEST uicasflow tatt-parses: PASS
10:45:01.679 autotest: AUTOTEST uicasflow default-family-survives: PASS
10:45:01.679 autotest: AUTOTEST uicasflow new-chunks=[FAMI:6,FAMs:6] (expect the new FAMI/FAMs pair only)
10:45:01.680 autotest: AUTOTEST uicasflow exactly-one-new-fami: PASS
10:45:01.680 autotest: AUTOTEST uicasflow fami-id-matches-census: PASS
10:45:01.680 autotest: AUTOTEST uicasflow fami-house-zero: PASS
10:45:01.680 autotest: AUTOTEST uicasflow fami-number-max-plus-one (10 vs 9): PASS
10:45:01.680 autotest: AUTOTEST uicasflow fami-budget-20000: PASS
10:45:01.680 autotest: AUTOTEST uicasflow fami-unknown-24 (port-chosen constant, documented): PASS
10:45:01.680 autotest: AUTOTEST uicasflow fami-guid-count-1: PASS
10:45:01.680 autotest: AUTOTEST uicasflow fami-guid-unique: PASS
10:45:01.680 autotest: AUTOTEST uicasflow fams-lang1-name: PASS
10:45:01.681 autotest: AUTOTEST uicasflow nbrs-parses: PASS
10:45:01.682 autotest: AUTOTEST uicasflow nbrs-preexisting-preserved: PASS
10:45:01.682 autotest: AUTOTEST uicasflow nbrs-member-present: PASS
10:45:01.683 autotest: AUTOTEST uicasflow nbrs-lowest-free-id (269): PASS
10:45:01.683 autotest: AUTOTEST uicasflow nbrs-record-version-4 (4): PASS
10:45:01.683 autotest: AUTOTEST uicasflow personmode-5-original (5): PASS
10:45:01.683 autotest: AUTOTEST uicasflow nbrs-name-stem (user00024 vs user00024): PASS
10:45:01.683 autotest: AUTOTEST uicasflow persondata-88 (len=88): PASS
10:45:01.683 autotest: AUTOTEST uicasflow pd2-nice-x100 (600): PASS
10:45:01.683 autotest: AUTOTEST uicasflow pd3-active-x100 (300): PASS
10:45:01.683 autotest: AUTOTEST uicasflow pd4-generous-zero (0): PASS
10:45:01.684 autotest: AUTOTEST uicasflow pd5-playful-x100 (500): PASS
10:45:01.684 autotest: AUTOTEST uicasflow pd6-outgoing-x100 (200): PASS
10:45:01.684 autotest: AUTOTEST uicasflow pd7-neat-x100 (800): PASS
10:45:01.684 autotest: AUTOTEST uicasflow pd58-age-27-adult (27): PASS
10:45:01.684 autotest: AUTOTEST uicasflow pd60-skin-original-encoding (lgt=1; 1): PASS
10:45:01.684 autotest: AUTOTEST uicasflow pd61-family-chunkid (6): PASS
10:45:01.684 autotest: AUTOTEST uicasflow pd65-gender-male (0): PASS
10:45:01.684 autotest: AUTOTEST uicasflow pd56-job-type-minus1: PASS
10:45:01.684 autotest: AUTOTEST uicasflow pd57-job-level-4: PASS
10:45:01.684 autotest: AUTOTEST uicasflow pd36-autonomy-50: PASS
10:45:01.684 autotest: AUTOTEST uicasflow pd33-priority-25: PASS
10:45:01.685 autotest: AUTOTEST uicasflow pd29-cheats-1: PASS
10:45:01.685 autotest: AUTOTEST uicasflow pd32-person-type-2: PASS
10:45:01.685 autotest: AUTOTEST uicasflow pd70-zodiac-absent (canon: never persisted): PASS
10:45:01.685 autotest: AUTOTEST uicasflow skills-random-in-range: PASS
10:45:01.686 autotest: AUTOTEST uicasflow random-presence skills=[115,69,908,25,386,374,414] interests pd13=300 pd14=500 pd16=900 pd20=800 pd26=500 pd46=900 (random by design — presence/range only)
10:45:01.686 autotest: AUTOTEST uicasflow one-new-character-file (1): PASS
10:45:01.686 autotest: AUTOTEST uicasflow char-objd-128: PASS
10:45:01.686 autotest: AUTOTEST uicasflow char-objd-guid-in-family: PASS
10:45:01.686 autotest: AUTOTEST uicasflow char-objd-label (user00024 - AuditSimABCDEFGHIJKLMNOPQ): PASS
10:45:01.686 autotest: AUTOTEST uicasflow char-ctss-name-bio: PASS
10:45:01.686 autotest: AUTOTEST uicasflow char-str200-present: PASS
10:45:01.686 autotest: AUTOTEST uicasflow str0-adult (adult): PASS
10:45:01.686 autotest: AUTOTEST uicasflow str12-male (male): PASS
10:45:01.686 autotest: AUTOTEST uicasflow str13-27 (27): PASS
10:45:01.687 autotest: AUTOTEST uicasflow str14-skin (lgt): PASS
10:45:01.687 autotest: AUTOTEST uicasflow str1-body-pair: PASS
10:45:01.687 autotest: AUTOTEST uicasflow str2-head-pair: PASS
10:45:01.687 autotest: AUTOTEST uicasflow str-diff-body-head-changed: PASS
10:45:01.687 autotest: AUTOTEST uicasflow str200-changed-slots=[1,2,15,16,17,18,19,20,21,22] baselineSlots=27 writtenSlots=27
10:45:01.687 autotest: AUTOTEST uicasflow str-divergent-slot-27 written='<absent>' template='<absent>' (prefix divergence — residual, documented)
10:45:01.687 autotest: AUTOTEST uicasflow str-divergent-slot-28 written='<absent>' template='<absent>' (prefix divergence — residual, documented)
10:45:01.687 autotest: AUTOTEST uicasflow str-divergent-slot-29 written='<absent>' template='<absent>' (prefix divergence — residual, documented)
10:45:01.687 autotest: AUTOTEST uicasflow str-extra-slot-30='<absent>' (generator extra; original base-game TemplatePerson never carries it — residual, documented)
10:45:01.688 autotest: AUTOTEST uicasflow str-extra-slot-31='<absent>' (generator extra; original base-game TemplatePerson never carries it — residual, documented)
10:45:01.688 autotest: AUTOTEST uicasflow str-extra-slot-32='<absent>' (generator extra; original base-game TemplatePerson never carries it — residual, documented)
10:45:01.688 autotest: AUTOTEST uicasflow str-extra-slot-33='<absent>' (generator extra; original base-game TemplatePerson never carries it — residual, documented)
10:45:01.688 autotest: AUTOTEST uicasflow str-extra-slot-34='<absent>' (generator extra; original base-game TemplatePerson never carries it — residual, documented)
10:45:01.689 autotest: AUTOTEST recordfmt nbrs-chunkver-3e (62): PASS
10:45:01.689 autotest: AUTOTEST recordfmt nbrs-raw-member-found: PASS
10:45:01.690 autotest: AUTOTEST recordfmt nbrs-raw-rec-version-4 (4): PASS
10:45:01.690 autotest: AUTOTEST recordfmt nbrs-raw-pm-5 (5): PASS
10:45:01.690 autotest: AUTOTEST recordfmt nbrs-raw-name-stem (user00024 vs user00024): PASS
10:45:01.690 autotest: AUTOTEST recordfmt nbrs-raw-pd-bytes-a0 (160): PASS
10:45:01.690 autotest: AUTOTEST recordfmt member-version-4: PASS
10:45:01.690 autotest: AUTOTEST recordfmt member-pm-5: PASS
10:45:01.690 autotest: AUTOTEST recordfmt member-name-stem: PASS
10:45:01.690 autotest: AUTOTEST recordfmt pd2-7-personality (generous=0): PASS
10:45:01.690 autotest: AUTOTEST recordfmt pd58-adult-27 (27): PASS
10:45:01.690 autotest: AUTOTEST recordfmt pd65-male-0 (0): PASS
10:45:01.690 autotest: AUTOTEST recordfmt pd60-skin-light-1 (1): PASS
10:45:01.691 autotest: AUTOTEST recordfmt pd61-family-chunkid (6): PASS
10:45:01.691 autotest: AUTOTEST recordfmt pd70-zodiac-0 (0): PASS
10:45:01.691 autotest: AUTOTEST recordfmt skinmap-original-1-light: PASS
10:45:01.691 autotest: AUTOTEST recordfmt skinmap-original-3-medium: PASS
10:45:01.691 autotest: AUTOTEST recordfmt skinmap-original-2-dark: PASS
10:45:01.691 autotest: AUTOTEST recordfmt skinmap-legacy-0-light: PASS
10:45:01.691 autotest: AUTOTEST recordfmt skinmap-legacy-1-medium: PASS
10:45:01.691 autotest: AUTOTEST recordfmt skinmap-legacy-2-dark: PASS
10:45:01.691 autotest: AUTOTEST recordfmt fami-version-7 (7): PASS
10:45:01.691 autotest: AUTOTEST recordfmt fami-no-trailing (len=44 expect 44): PASS
10:45:01.693 autotest: AUTOTEST recordfmt roundtrip-member: PASS
10:45:01.693 autotest: AUTOTEST recordfmt roundtrip-ver-pm-name: PASS
10:45:01.693 autotest: AUTOTEST recordfmt roundtrip-pd-present: PASS
10:45:01.693 autotest: AUTOTEST recordfmt roundtrip-fields-preserved: PASS
10:45:01.694 autotest: AUTOTEST recordfmt roundtrip-pd60-still-disk-1 (1): PASS
10:45:01.694 autotest: AUTOTEST uicasflow isolation userdir=/var/folders/sg/3fjlktk972j1zkbssc8dfcrw0000gn/T/simitone-r246-61544428fb824d6b9cd58db6a99f5e0b (redirect from /var/folders/sg/3fjlktk972j1zkbssc8dfcrw0000gn/T/cas-serial-wmuk5i8z/)
10:45:01.694 autotest: AUTOTEST uicasflow note: autotest.log writes to <UserDir>/autotest.log (temp redirect) + /tmp/autotest.log; CAS family diagnostics go to standard output
10:45:01.694 autotest: AUTOTEST uicasflow gamedata-neighborhood-byte-identical: PASS
10:45:01.694 autotest: AUTOTEST uicasflow gamedata-neighborhood-mtime-untouched: PASS
10:45:01.696 autotest: AUTOTEST uicasflow evidence Neighborhood.iff sha256=6f4989a025c95cd6016158a58d458bbce042a2db5545e35230d5d44332392754
10:45:01.696 autotest: AUTOTEST uicasflow evidence User00024.iff sha256=99c74ee3e4ae2078707a282c006f73af057a930d008924ebb375a67e3a89e077
10:45:01.696 autotest: AUTOTEST uicasflow evidence copied to /var/folders/sg/3fjlktk972j1zkbssc8dfcrw0000gn/T/simitone-r246-61544428fb824d6b9cd58db6a99f5e0b/ui-audit/r246
10:45:01.697 autotest: AUTOTEST ucasflow: PASS
10:45:01.697 autotest: AUTOTEST ucasflow passed=94 failed=0 phase=15
10:45:01.697 autotest: AUTOTEST recordfmt: PASS
10:45:01.697 autotest: AUTOTEST recordfmt passed=28 failed=0 completed=True flowFailed=0
RELPROBE SUMMARY calls=510 misses=510 objectbucket=0 avatarStack=0
10:45:01.698 autotest: AUTOTEST SUMMARY passed=2 failed=0 skipped=0
10:45:01.698 autotest: AUTOTEST RESULT PASS
AUTOTEST RESULT PASS passed=2 failed=0
10:45:01.699 exit-probe: OnExiting cancel=False screen=TS1CASScreen
10:45:01.699 exit-probe: after Run
10:45:01.763 exit-probe: after Dispose
