sha256 ok: 33c76da298841dcaf8402eff8814700bb20e36bb22878d00ea16fcc874c06a5f
== item 1: BuildRotationLookup (BSS 0x7F0B8 generator) ==
  ok  base load TOC-0x73e4 @00060f24: 80c28c1c (want 80c28c1c)
  ok  outer page loop cmpwi r11,3 @00061064: 2c0b0003 (want 2c0b0003)
  ok  page advance +=0x2000 @00061060: 38c62000 (want 38c62000)
  ok  rot==2 case (0x60f94) @00060f94: 39030000 (want 39030000)
  ok  rot==2 y (0x60f98) @00060f98: 20e9003f (want 20e9003f)
  ok  rot==1 x (0x60f88) @00060f88: 38ea0000 (want 38ea0000)
  ok  rot==1 y (0x60f8c) @00060f8c: 2109003f (want 2109003f)
  ok  rot==3 x (0x60fa0) @00060fa0: 38e30000 (want 38e30000)
  ok  rot==3 y (0x60fa4) @00060fa4: 39090000 (want 39090000)
  ok  entry store b0 (0x60fa8) @00060fa8: 99040000 (want 99040000)
  ok  entry store b1 (0x60fac) @00060fac: 98e40001 (want 98e40001)
  ok  oob store 0xff (0x60fb4) @00060fb4: 380000ff (want 380000ff)
  ok  sole bl caller (SetSize) @00164910: 4befc611 (want 4befc611)
  ok  LUT simulation: rot2 involution, rot1 o rot3 = identity, domain 0..63
== item 3: identity (outside-person remap vs BuildMaxAltsTable) ==
  ok  r22 = TOC-0x73e4 (DoDynamicCutaway) @001cf3c0: 82c28c1c (want 82c28c1c)
  ok  read world+0x84 (rotation) @001cf7c0: 80030084 (want 80030084)
  ok  page term rot<<13 @001cf7d0: 54046824 (want 54046824)
  ok  x<<7 @001cf7e0: 54633830 (want 54633830)
  ok  y<<1 @001cf7ec: 5400083c (want 5400083c)
  ok  read entry b0 (base-0x2000) @001cf7f4: 8864e000 (want 8864e000)
  ok  read entry b1 @001cf7f8: 8804e001 (want 8804e001)
  ok  BuildMaxAltsTable: init b=64 @001c6ba0: 39600040 (want 39600040)
  ok  BuildMaxAltsTable: ptr arrayA @001c6b98: 809801ec (want 809801ec)
  ok  BuildMaxAltsTable: ptr arrayB @001c6bb4: 809801f0 (want 809801f0)
  ok  BuildMaxAltsTable: bl GetPackedAlt @001c6d04: 4bf9b0fd (want 4bf9b0fd)
  ok  BuildMaxAltsTable: diagonal add @001c6d28: 7c050214 (want 7c050214)
  ok  SetRotation bl BuildMaxAltsTable @001d74f4: 4bfef67d (want 4bfef67d)
  ok  ComputeCutawayMatrix: no viewer+0x1EC/0x1F0 access
  ok  GetTheoreticalWallExtent: no viewer+0x1EC/0x1F0 access
  ok  DoDynamicCutaway: no viewer+0x1EC/0x1F0 access
  ok  MouseTrack: no viewer+0x1EC/0x1F0 access
== item 2: AdjustCutawayForTool (slot 18) ==
  ok  dispatch lwz r12, 0x28(r3) @001d0038: 81830028 (want 81830028)
  ok  slot 18 = TVector 0x48(r12) @001d0044: 818c0048 (want 818c0048)
  ok  base: gate tool+0x24 @00191934: 88030024 (want 88030024)
  ok  base: bl GetWall @001919c8: 4bf963c9 (want 4bf963c9)
  ok  base: set bit (mask helper) @001919dc: 48400135 (want 48400135)
  ok  base: wall&1 -> +tool6/7 @00191a1c: 887f0006 (want 887f0006)
  ok  base: wall&2 -> +tool0/1 @00191a9c: 887f0000 (want 887f0000)
  ok  cMoveTool: reads LUT global @00174108: 83628c1c (want 83628c1c)
  ok  cMoveTool: gate tool+0x3c @00174138: 8018003c (want 8018003c)
  ok  cMoveTool: tile >>4 (x) @001741a8: 7c602670 (want 7c602670)
  ok  cMoveTool: floor +0x110 @001741a4: 80a50110 (want 80a50110)
  ok  ModifyCursorPos base = blr @001579d0: 4e800020 (want 4e800020)
== item 4: DrawPictureInPicture state save/restore ==
  ok  enter: save tool global @001c0e48: 901f0164 (want 901f0164)
  ok  enter: floor-diff branch @001c1050: 4182009c (want 4182009c)
  ok  enter: clear history @001c1068: 4bfe8df9 (want 4bfe8df9)
  ok  enter: set target floor @001c1088: 92900018 (want 92900018)
  ok  restore: SetRotation @001c15f4: 48015c3d (want 48015c3d)
  ok  restore: saved-floor compare @001c1600: 7c0f8800 (want 7c0f8800)
  ok  restore: floor-diff branch @001c1604: 4182009c (want 4182009c)
  ok  restore: clear history @001c161c: 4bfe8845 (want 4bfe8845)
  ok  restore: ResetDynamicCutaway @001c1638: 4800dc09 (want 4800dc09)
  ok  restore: restore floor @001c163c: 92300018 (want 92300018)
  ok  restore: bl ComputeCutaway @001c1654: 4bf6748d (want 4bf6748d)
  ok  restore: bl DoDynamicCutaway @001c166c: 4800dd45 (want 4800dd45)
  ok  restore: SetTrackedObject @001c16fc: 482bb415 (want 482bb415)
  ok  restore: saved tool @001c1714: 801f0164 (want 801f0164)
  ok  restore: tool global var @001c1718: 80629048 (want 80629048)
  ok  restore: store tool global @001c171c: 90030000 (want 90030000)

ALL PINS PASS (True)
